
> vite_react_shadcn_ts@0.0.0 build
> vite build

[36mvite v5.4.19 [32mbuilding for production...[36m[39m
transforming...
[32mΓ£ô[39m 5 modules transformed.
node.exe : [31mx[39m Build 
failed in 168ms
At C:\Program 
Files\nodejs\npm.ps1:29 char:3
+   & $NODE_EXE $NPM_CLI_JS $args
+   ~~~~~~~~~~~~~~~~~~~~~~~~~~~~~
    + CategoryInfo          : NotS 
   pecified: ([31mx[39m Build f  
  ailed in 168ms:String) [], Rem   
 oteException
    + FullyQualifiedErrorId : Nati 
   veCommandError
 
[31merror during build:
[31mCould not resolve "./pages/ven
dor/VendorVerification" from 
"src/App.tsx"[31m
file: [36mC:/Users/seanjerve/OneDr
ive/Desktop/bicollective2026/bicoll
ective2026/src/App.tsx[31m
    at getRollupError (file:///C:/U
sers/seanjerve/OneDrive/Desktop/bic
ollective2026/bicollective2026/node
_modules/rollup/dist/es/shared/pars
eAst.js:395:41)
    at error (file:///C:/Users/sean
jerve/OneDrive/Desktop/bicollective
2026/bicollective2026/node_modules/
rollup/dist/es/shared/parseAst.js:3
91:42)
    at ModuleLoader.handleInvalidRe
solvedId (file:///C:/Users/seanjerv
e/OneDrive/Desktop/bicollective2026
/bicollective2026/node_modules/roll
up/dist/es/shared/node-entry.js:200
06:24)
    at 
ModuleLoader.resolveDynamicImport (
file:///C:/Users/seanjerve/OneDrive
/Desktop/bicollective2026/bicollect
ive2026/node_modules/rollup/dist/es
/shared/node-entry.js:20066:58)
    at async file:///C:/Users/seanj
erve/OneDrive/Desktop/bicollective2
026/bicollective2026/node_modules/r
ollup/dist/es/shared/node-entry.js:
19954:32[39m
